INFO:  latexindent.pl version 4.0.2, 2026-06-06, a script to indent .tex files
       latexindent.pl lives here: C:/Users/marck/AppData/Local/Programs/MiKTeX/scripts/latexindent/
       Fri Jul 24 22:21:56 2026
       Filename: .\bare_jrnl_new_sample4.tex
INFO:  Processing switches:
       -w|--overwrite: Overwrite mode active, will make a back up before overwriting
INFO:  Directory for backup files and log file indent.log:
       .
INFO:  Perl modules are being loaded from the following directories:
       C:/Strawberry/perl/lib/FindBin.pm
       C:/Strawberry/perl/vendor/lib/YAML/Tiny.pm
       C:/Strawberry/perl/lib/File/Copy.pm
       C:/Strawberry/perl/lib/File/Basename.pm
       C:/Strawberry/perl/lib/Getopt/Long.pm
       C:/Strawberry/perl/vendor/lib/File/HomeDir.pm
INFO:  LatexIndent perl modules are being loaded from, for example:
       C:/Users/marck/AppData/Local/Programs/MiKTeX/scripts/latexindent/LatexIndent/Document.pm
INFO:  YAML settings read: defaultSettings.yaml
       Reading defaultSettings.yaml from C:/Users/marck/AppData/Local/Programs/MiKTeX/scripts/latexindent/defaultSettings.yaml
INFO:  YAML reading settings
       Home directory is C:\Users\marck
       latexindent.pl didn't find indentconfig.yaml or .indentconfig.yaml
       see all possible locations: https://latexindentpl.readthedocs.io/en/latest/sec-appendices.html#indentconfig-options
INFO:  Backup procedure (-w flag active):
       Backing up .\bare_jrnl_new_sample4.tex to .\bare_jrnl_new_sample4.bak0...
       .\bare_jrnl_new_sample4.tex will be overwritten after indentation
INFO:  Output routine:
       Overwriting file .\bare_jrnl_new_sample4.tex
       --------------
INFO:  Please direct all communication/issues to:
       https://github.com/cmhughes/latexindent.pl
       documentation: https://latexindentpl.readthedocs.io/en/latest/
